2026-09-16 16:39:35.189: [INFO] CurrentProfilePath: C:\Users\Gireesh Kumar\OneDrive\Desktop\SOA-PROJECT\.metadata\.plugins\org.eclipse.swt\EBWebView\Default
2026-09-16 16:39:35.189: [INFO] Profiles total count: 1
2026-09-16 16:39:35.189: [INFO] Profile: name=Profile 1 path=C:\Users\Gireesh Kumar\OneDrive\Desktop\SOA-PROJECT\.metadata\.plugins\org.eclipse.swt\EBWebView\Default lastActive=null
2026-09-16 16:39:35.189: [INFO] LastUsedProfileDir: C:\Users\Gireesh Kumar\OneDrive\Desktop\SOA-PROJECT\.metadata\.plugins\org.eclipse.swt\EBWebView\Default
2026-09-16 16:39:35.189: [INFO] OnDoneLoading sync enabled: 0
2026-09-16 16:39:35.189: [INFO] BookmarkModelLoaded, ids_reassigned: 0
2026-09-16 16:39:35.189: [INFO] BookmarksLoadDropped droppedNodes=0
2026-09-16 16:39:35.189: [INFO] BookmarksSnapshot Startup total=0 bar=0 other=0 mobile=0 showBar=0 showBarNTP=1
2026-09-16 16:42:32.801: [INFO] BookmarksSnapshot Shutdown total=0 bar=0 other=0 mobile=0 showBar=0 showBarNTP=1
2026-09-17 10:49:50.419: [INFO] CurrentProfilePath: C:\Users\Gireesh Kumar\OneDrive\Desktop\SOA-PROJECT\.metadata\.plugins\org.eclipse.swt\EBWebView\Default
2026-09-17 10:49:50.419: [INFO] Profiles total count: 1
2026-09-17 10:49:50.419: [INFO] Profile: name=Profile 1 path=C:\Users\Gireesh Kumar\OneDrive\Desktop\SOA-PROJECT\.metadata\.plugins\org.eclipse.swt\EBWebView\Default lastActive=null
2026-09-17 10:49:50.419: [INFO] LastUsedProfileDir: C:\Users\Gireesh Kumar\OneDrive\Desktop\SOA-PROJECT\.metadata\.plugins\org.eclipse.swt\EBWebView\Default
2026-09-17 10:49:50.419: [INFO] OnDoneLoading sync enabled: 0
2026-09-17 10:49:50.419: [INFO] BookmarkModelLoaded, ids_reassigned: 0
2026-09-17 10:49:50.419: [INFO] BookmarksLoadDropped droppedNodes=0
2026-09-17 10:49:50.419: [INFO] BookmarksSnapshot Startup total=0 bar=0 other=0 mobile=0 showBar=0 showBarNTP=1
2026-09-17 11:13:11.444: [INFO] BookmarksSnapshot Shutdown total=0 bar=0 other=0 mobile=0 showBar=0 showBarNTP=1
2026-09-18 16:15:36.696: [INFO] CurrentProfilePath: C:\Users\Gireesh Kumar\OneDrive\Desktop\SOA-PROJECT\.metadata\.plugins\org.eclipse.swt\EBWebView\Default
2026-09-18 16:15:36.696: [INFO] Profiles total count: 1
2026-09-18 16:15:36.696: [INFO] Profile: name=Profile 1 path=C:\Users\Gireesh Kumar\OneDrive\Desktop\SOA-PROJECT\.metadata\.plugins\org.eclipse.swt\EBWebView\Default lastActive=null
2026-09-18 16:15:36.696: [INFO] LastUsedProfileDir: C:\Users\Gireesh Kumar\OneDrive\Desktop\SOA-PROJECT\.metadata\.plugins\org.eclipse.swt\EBWebView\Default
2026-09-18 16:15:36.696: [INFO] OnDoneLoading sync enabled: 0
2026-09-18 16:15:36.696: [INFO] BookmarkModelLoaded, ids_reassigned: 0
2026-09-18 16:15:36.696: [INFO] BookmarksLoadDropped droppedNodes=0
2026-09-18 16:15:36.696: [INFO] BookmarksSnapshot Startup total=0 bar=0 other=0 mobile=0 showBar=0 showBarNTP=1
2026-09-18 16:19:42.121: [INFO] BookmarksSnapshot Shutdown total=0 bar=0 other=0 mobile=0 showBar=0 showBarNTP=1
2026-09-18 16:23:58.639: [INFO] CurrentProfilePath: C:\Users\Gireesh Kumar\OneDrive\Desktop\SOA-PROJECT\.metadata\.plugins\org.eclipse.swt\EBWebView\Default
2026-09-18 16:23:58.639: [INFO] Profiles total count: 1
2026-09-18 16:23:58.639: [INFO] Profile: name=Profile 1 path=C:\Users\Gireesh Kumar\OneDrive\Desktop\SOA-PROJECT\.metadata\.plugins\org.eclipse.swt\EBWebView\Default lastActive=null
2026-09-18 16:23:58.639: [INFO] LastUsedProfileDir: C:\Users\Gireesh Kumar\OneDrive\Desktop\SOA-PROJECT\.metadata\.plugins\org.eclipse.swt\EBWebView\Default
2026-09-18 16:23:58.639: [INFO] OnDoneLoading sync enabled: 0
2026-09-18 16:23:58.639: [INFO] BookmarkModelLoaded, ids_reassigned: 0
2026-09-18 16:23:58.639: [INFO] BookmarksLoadDropped droppedNodes=0
2026-09-18 16:23:58.639: [INFO] BookmarksSnapshot Startup total=0 bar=0 other=0 mobile=0 showBar=0 showBarNTP=1
2026-09-18 16:39:23.804: [INFO] BookmarksSnapshot Shutdown total=0 bar=0 other=0 mobile=0 showBar=0 showBarNTP=1
2026-09-19 12:40:52.575: [INFO] CurrentProfilePath: C:\Users\Gireesh Kumar\OneDrive\Desktop\SOA-PROJECT\.metadata\.plugins\org.eclipse.swt\EBWebView\Default
2026-09-19 12:40:52.575: [INFO] Profiles total count: 1
2026-09-19 12:40:52.575: [INFO] Profile: name=Profile 1 path=C:\Users\Gireesh Kumar\OneDrive\Desktop\SOA-PROJECT\.metadata\.plugins\org.eclipse.swt\EBWebView\Default lastActive=null
2026-09-19 12:40:52.575: [INFO] LastUsedProfileDir: C:\Users\Gireesh Kumar\OneDrive\Desktop\SOA-PROJECT\.metadata\.plugins\org.eclipse.swt\EBWebView\Default
2026-09-19 12:40:52.575: [INFO] OnDoneLoading sync enabled: 0
2026-09-19 12:40:52.575: [INFO] BookmarkModelLoaded, ids_reassigned: 0
2026-09-19 12:40:52.575: [INFO] BookmarksLoadDropped droppedNodes=0
2026-09-19 12:40:52.575: [INFO] BookmarksSnapshot Startup total=0 bar=0 other=0 mobile=0 showBar=0 showBarNTP=1
2026-09-19 12:44:22.055: [INFO] BookmarksSnapshot Shutdown total=0 bar=0 other=0 mobile=0 showBar=0 showBarNTP=1
2026-09-19 12:44:49.449: [INFO] CurrentProfilePath: C:\Users\Gireesh Kumar\OneDrive\Desktop\SOA-PROJECT\.metadata\.plugins\org.eclipse.swt\EBWebView\Default
2026-09-19 12:44:49.449: [INFO] Profiles total count: 1
2026-09-19 12:44:49.449: [INFO] Profile: name=Profile 1 path=C:\Users\Gireesh Kumar\OneDrive\Desktop\SOA-PROJECT\.metadata\.plugins\org.eclipse.swt\EBWebView\Default lastActive=null
2026-09-19 12:44:49.449: [INFO] LastUsedProfileDir: C:\Users\Gireesh Kumar\OneDrive\Desktop\SOA-PROJECT\.metadata\.plugins\org.eclipse.swt\EBWebView\Default
2026-09-19 12:44:49.449: [INFO] OnDoneLoading sync enabled: 0
2026-09-19 12:44:49.449: [INFO] BookmarkModelLoaded, ids_reassigned: 0
2026-09-19 12:44:49.449: [INFO] BookmarksLoadDropped droppedNodes=0
2026-09-19 12:44:49.449: [INFO] BookmarksSnapshot Startup total=0 bar=0 other=0 mobile=0 showBar=0 showBarNTP=1
2026-09-19 12:54:57.720: [INFO] BookmarksSnapshot Shutdown total=0 bar=0 other=0 mobile=0 showBar=0 showBarNTP=1
2026-09-19 13:31:38.210: [INFO] CurrentProfilePath: C:\Users\Gireesh Kumar\OneDrive\Desktop\SOA-PROJECT\.metadata\.plugins\org.eclipse.swt\EBWebView\Default
2026-09-19 13:31:38.210: [INFO] Profiles total count: 1
2026-09-19 13:31:38.210: [INFO] Profile: name=Profile 1 path=C:\Users\Gireesh Kumar\OneDrive\Desktop\SOA-PROJECT\.metadata\.plugins\org.eclipse.swt\EBWebView\Default lastActive=null
2026-09-19 13:31:38.210: [INFO] LastUsedProfileDir: C:\Users\Gireesh Kumar\OneDrive\Desktop\SOA-PROJECT\.metadata\.plugins\org.eclipse.swt\EBWebView\Default
2026-09-19 13:31:38.210: [INFO] OnDoneLoading sync enabled: 0
2026-09-19 13:31:38.210: [INFO] BookmarkModelLoaded, ids_reassigned: 0
2026-09-19 13:31:38.210: [INFO] BookmarksLoadDropped droppedNodes=0
2026-09-19 13:31:38.210: [INFO] BookmarksSnapshot Startup total=0 bar=0 other=0 mobile=0 showBar=0 showBarNTP=1
2026-09-19 13:31:38.666: [INFO] BookmarksSnapshot Shutdown total=0 bar=0 other=0 mobile=0 showBar=0 showBarNTP=1
2026-09-19 13:32:03.432: [INFO] CurrentProfilePath: C:\Users\Gireesh Kumar\OneDrive\Desktop\SOA-PROJECT\.metadata\.plugins\org.eclipse.swt\EBWebView\Default
2026-09-19 13:32:03.432: [INFO] Profiles total count: 1
2026-09-19 13:32:03.432: [INFO] Profile: name=Profile 1 path=C:\Users\Gireesh Kumar\OneDrive\Desktop\SOA-PROJECT\.metadata\.plugins\org.eclipse.swt\EBWebView\Default lastActive=null
2026-09-19 13:32:03.432: [INFO] LastUsedProfileDir: C:\Users\Gireesh Kumar\OneDrive\Desktop\SOA-PROJECT\.metadata\.plugins\org.eclipse.swt\EBWebView\Default
2026-09-19 13:32:03.432: [INFO] OnDoneLoading sync enabled: 0
2026-09-19 13:32:03.432: [INFO] BookmarkModelLoaded, ids_reassigned: 0
2026-09-19 13:32:03.432: [INFO] BookmarksLoadDropped droppedNodes=0
2026-09-19 13:32:03.432: [INFO] BookmarksSnapshot Startup total=0 bar=0 other=0 mobile=0 showBar=0 showBarNTP=1
2026-09-19 13:32:04.022: [INFO] BookmarksSnapshot Shutdown total=0 bar=0 other=0 mobile=0 showBar=0 showBarNTP=1
2026-09-19 13:33:50.815: [INFO] CurrentProfilePath: C:\Users\Gireesh Kumar\OneDrive\Desktop\SOA-PROJECT\.metadata\.plugins\org.eclipse.swt\EBWebView\Default
2026-09-19 13:33:50.815: [INFO] Profiles total count: 1
2026-09-19 13:33:50.815: [INFO] Profile: name=Profile 1 path=C:\Users\Gireesh Kumar\OneDrive\Desktop\SOA-PROJECT\.metadata\.plugins\org.eclipse.swt\EBWebView\Default lastActive=null
2026-09-19 13:33:50.815: [INFO] LastUsedProfileDir: C:\Users\Gireesh Kumar\OneDrive\Desktop\SOA-PROJECT\.metadata\.plugins\org.eclipse.swt\EBWebView\Default
2026-09-19 13:33:50.815: [INFO] OnDoneLoading sync enabled: 0
2026-09-19 13:33:50.815: [INFO] BookmarkModelLoaded, ids_reassigned: 0
2026-09-19 13:33:50.815: [INFO] BookmarksLoadDropped droppedNodes=0
2026-09-19 13:33:50.815: [INFO] BookmarksSnapshot Startup total=0 bar=0 other=0 mobile=0 showBar=0 showBarNTP=1
2026-09-19 15:28:37.306: [INFO] BookmarksSnapshot Shutdown total=0 bar=0 other=0 mobile=0 showBar=0 showBarNTP=1
2026-09-20 04:15:05.295: [INFO] CurrentProfilePath: C:\Users\Gireesh Kumar\OneDrive\Desktop\SOA-PROJECT\.metadata\.plugins\org.eclipse.swt\EBWebView\Default
2026-09-20 04:15:05.295: [INFO] Profiles total count: 1
2026-09-20 04:15:05.295: [INFO] Profile: name=Profile 1 path=C:\Users\Gireesh Kumar\OneDrive\Desktop\SOA-PROJECT\.metadata\.plugins\org.eclipse.swt\EBWebView\Default lastActive=null
2026-09-20 04:15:05.295: [INFO] LastUsedProfileDir: C:\Users\Gireesh Kumar\OneDrive\Desktop\SOA-PROJECT\.metadata\.plugins\org.eclipse.swt\EBWebView\Default
2026-09-20 04:15:05.295: [INFO] OnDoneLoading sync enabled: 0
2026-09-20 04:15:05.295: [INFO] BookmarkModelLoaded, ids_reassigned: 0
2026-09-20 04:15:05.295: [INFO] BookmarksLoadDropped droppedNodes=0
2026-09-20 04:15:05.295: [INFO] BookmarksSnapshot Startup total=0 bar=0 other=0 mobile=0 showBar=0 showBarNTP=1
2026-09-20 04:17:29.710: [INFO] BookmarksSnapshot Shutdown total=0 bar=0 other=0 mobile=0 showBar=0 showBarNTP=1
2026-09-20 04:50:27.951: [INFO] CurrentProfilePath: C:\Users\Gireesh Kumar\OneDrive\Desktop\SOA-PROJECT\.metadata\.plugins\org.eclipse.swt\EBWebView\Default
2026-09-20 04:50:27.951: [INFO] Profiles total count: 1
2026-09-20 04:50:27.951: [INFO] Profile: name=Profile 1 path=C:\Users\Gireesh Kumar\OneDrive\Desktop\SOA-PROJECT\.metadata\.plugins\org.eclipse.swt\EBWebView\Default lastActive=null
2026-09-20 04:50:27.951: [INFO] LastUsedProfileDir: C:\Users\Gireesh Kumar\OneDrive\Desktop\SOA-PROJECT\.metadata\.plugins\org.eclipse.swt\EBWebView\Default
2026-09-20 04:50:27.951: [INFO] OnDoneLoading sync enabled: 0
2026-09-20 04:50:27.951: [INFO] BookmarkModelLoaded, ids_reassigned: 0
2026-09-20 04:50:27.951: [INFO] BookmarksLoadDropped droppedNodes=0
2026-09-20 04:50:27.951: [INFO] BookmarksSnapshot Startup total=0 bar=0 other=0 mobile=0 showBar=0 showBarNTP=1
2026-09-20 04:50:28.037: [INFO] BookmarksSnapshot Shutdown total=0 bar=0 other=0 mobile=0 showBar=0 showBarNTP=1
2026-09-20 04:51:06.343: [INFO] CurrentProfilePath: C:\Users\Gireesh Kumar\OneDrive\Desktop\SOA-PROJECT\.metadata\.plugins\org.eclipse.swt\EBWebView\Default
2026-09-20 04:51:06.343: [INFO] Profiles total count: 1
2026-09-20 04:51:06.343: [INFO] Profile: name=Profile 1 path=C:\Users\Gireesh Kumar\OneDrive\Desktop\SOA-PROJECT\.metadata\.plugins\org.eclipse.swt\EBWebView\Default lastActive=null
2026-09-20 04:51:06.343: [INFO] LastUsedProfileDir: C:\Users\Gireesh Kumar\OneDrive\Desktop\SOA-PROJECT\.metadata\.plugins\org.eclipse.swt\EBWebView\Default
2026-09-20 04:51:06.343: [INFO] OnDoneLoading sync enabled: 0
2026-09-20 04:51:06.343: [INFO] BookmarkModelLoaded, ids_reassigned: 0
2026-09-20 04:51:06.343: [INFO] BookmarksLoadDropped droppedNodes=0
2026-09-20 04:51:06.343: [INFO] BookmarksSnapshot Startup total=0 bar=0 other=0 mobile=0 showBar=0 showBarNTP=1
2026-09-20 04:53:51.398: [INFO] BookmarksSnapshot Shutdown total=0 bar=0 other=0 mobile=0 showBar=0 showBarNTP=1
2026-09-20 05:07:19.480: [INFO] CurrentProfilePath: C:\Users\Gireesh Kumar\OneDrive\Desktop\SOA-PROJECT\.metadata\.plugins\org.eclipse.swt\EBWebView\Default
2026-09-20 05:07:19.480: [INFO] Profiles total count: 1
2026-09-20 05:07:19.480: [INFO] Profile: name=Profile 1 path=C:\Users\Gireesh Kumar\OneDrive\Desktop\SOA-PROJECT\.metadata\.plugins\org.eclipse.swt\EBWebView\Default lastActive=null
2026-09-20 05:07:19.480: [INFO] LastUsedProfileDir: C:\Users\Gireesh Kumar\OneDrive\Desktop\SOA-PROJECT\.metadata\.plugins\org.eclipse.swt\EBWebView\Default
2026-09-20 05:07:19.480: [INFO] OnDoneLoading sync enabled: 0
2026-09-20 05:07:19.480: [INFO] BookmarkModelLoaded, ids_reassigned: 0
2026-09-20 05:07:19.480: [INFO] BookmarksLoadDropped droppedNodes=0
2026-09-20 05:07:19.480: [INFO] BookmarksSnapshot Startup total=0 bar=0 other=0 mobile=0 showBar=0 showBarNTP=1
2026-09-20 05:10:29.212: [INFO] BookmarksSnapshot Shutdown total=0 bar=0 other=0 mobile=0 showBar=0 showBarNTP=1
2026-09-20 05:16:33.679: [INFO] CurrentProfilePath: C:\Users\Gireesh Kumar\OneDrive\Desktop\SOA-PROJECT\.metadata\.plugins\org.eclipse.swt\EBWebView\Default
2026-09-20 05:16:33.679: [INFO] Profiles total count: 1
2026-09-20 05:16:33.679: [INFO] Profile: name=Profile 1 path=C:\Users\Gireesh Kumar\OneDrive\Desktop\SOA-PROJECT\.metadata\.plugins\org.eclipse.swt\EBWebView\Default lastActive=null
2026-09-20 05:16:33.679: [INFO] LastUsedProfileDir: C:\Users\Gireesh Kumar\OneDrive\Desktop\SOA-PROJECT\.metadata\.plugins\org.eclipse.swt\EBWebView\Default
2026-09-20 05:16:33.679: [INFO] OnDoneLoading sync enabled: 0
2026-09-20 05:16:33.679: [INFO] BookmarkModelLoaded, ids_reassigned: 0
2026-09-20 05:16:33.679: [INFO] BookmarksLoadDropped droppedNodes=0
2026-09-20 05:16:33.679: [INFO] BookmarksSnapshot Startup total=0 bar=0 other=0 mobile=0 showBar=0 showBarNTP=1
2026-09-20 06:13:21.919: [INFO] BookmarksSnapshot Shutdown total=0 bar=0 other=0 mobile=0 showBar=0 showBarNTP=1
2026-09-20 12:52:27.426: [INFO] CurrentProfilePath: C:\Users\Gireesh Kumar\OneDrive\Desktop\SOA-PROJECT\.metadata\.plugins\org.eclipse.swt\EBWebView\Default
2026-09-20 12:52:27.426: [INFO] Profiles total count: 1
2026-09-20 12:52:27.426: [INFO] Profile: name=Profile 1 path=C:\Users\Gireesh Kumar\OneDrive\Desktop\SOA-PROJECT\.metadata\.plugins\org.eclipse.swt\EBWebView\Default lastActive=null
2026-09-20 12:52:27.426: [INFO] LastUsedProfileDir: C:\Users\Gireesh Kumar\OneDrive\Desktop\SOA-PROJECT\.metadata\.plugins\org.eclipse.swt\EBWebView\Default
2026-09-20 12:52:27.426: [INFO] OnDoneLoading sync enabled: 0
2026-09-20 12:52:27.426: [INFO] BookmarkModelLoaded, ids_reassigned: 0
2026-09-20 12:52:27.426: [INFO] BookmarksLoadDropped droppedNodes=0
2026-09-20 12:52:27.426: [INFO] BookmarksSnapshot Startup total=0 bar=0 other=0 mobile=0 showBar=0 showBarNTP=1
2026-09-20 12:53:17.018: [INFO] BookmarksSnapshot Shutdown total=0 bar=0 other=0 mobile=0 showBar=0 showBarNTP=1
2026-09-20 13:47:27.106: [INFO] CurrentProfilePath: C:\Users\Gireesh Kumar\OneDrive\Desktop\SOA-PROJECT\.metadata\.plugins\org.eclipse.swt\EBWebView\Default
2026-09-20 13:47:27.106: [INFO] Profiles total count: 1
2026-09-20 13:47:27.106: [INFO] Profile: name=Profile 1 path=C:\Users\Gireesh Kumar\OneDrive\Desktop\SOA-PROJECT\.metadata\.plugins\org.eclipse.swt\EBWebView\Default lastActive=null
2026-09-20 13:47:27.106: [INFO] LastUsedProfileDir: C:\Users\Gireesh Kumar\OneDrive\Desktop\SOA-PROJECT\.metadata\.plugins\org.eclipse.swt\EBWebView\Default
2026-09-20 13:47:27.106: [INFO] OnDoneLoading sync enabled: 0
2026-09-20 13:47:27.106: [INFO] BookmarkModelLoaded, ids_reassigned: 0
2026-09-20 13:47:27.106: [INFO] BookmarksLoadDropped droppedNodes=0
2026-09-20 13:47:27.106: [INFO] BookmarksSnapshot Startup total=0 bar=0 other=0 mobile=0 showBar=0 showBarNTP=1
2026-09-20 14:04:58.684: [INFO] BookmarksSnapshot Shutdown total=0 bar=0 other=0 mobile=0 showBar=0 showBarNTP=1
2026-09-20 14:08:41.566: [INFO] CurrentProfilePath: C:\Users\Gireesh Kumar\OneDrive\Desktop\SOA-PROJECT\.metadata\.plugins\org.eclipse.swt\EBWebView\Default
2026-09-20 14:08:41.566: [INFO] Profiles total count: 1
2026-09-20 14:08:41.566: [INFO] Profile: name=Profile 1 path=C:\Users\Gireesh Kumar\OneDrive\Desktop\SOA-PROJECT\.metadata\.plugins\org.eclipse.swt\EBWebView\Default lastActive=null
2026-09-20 14:08:41.566: [INFO] LastUsedProfileDir: C:\Users\Gireesh Kumar\OneDrive\Desktop\SOA-PROJECT\.metadata\.plugins\org.eclipse.swt\EBWebView\Default
2026-09-20 14:08:41.566: [INFO] OnDoneLoading sync enabled: 0
2026-09-20 14:08:41.566: [INFO] BookmarkModelLoaded, ids_reassigned: 0
2026-09-20 14:08:41.566: [INFO] BookmarksLoadDropped droppedNodes=0
2026-09-20 14:08:41.566: [INFO] BookmarksSnapshot Startup total=0 bar=0 other=0 mobile=0 showBar=0 showBarNTP=1
2026-09-20 14:27:35.694: [INFO] BookmarksSnapshot Shutdown total=0 bar=0 other=0 mobile=0 showBar=0 showBarNTP=1
2026-09-20 14:50:22.772: [INFO] CurrentProfilePath: C:\Users\Gireesh Kumar\OneDrive\Desktop\SOA-PROJECT\.metadata\.plugins\org.eclipse.swt\EBWebView\Default
2026-09-20 14:50:22.772: [INFO] Profiles total count: 1
2026-09-20 14:50:22.772: [INFO] Profile: name=Profile 1 path=C:\Users\Gireesh Kumar\OneDrive\Desktop\SOA-PROJECT\.metadata\.plugins\org.eclipse.swt\EBWebView\Default lastActive=null
2026-09-20 14:50:22.772: [INFO] LastUsedProfileDir: C:\Users\Gireesh Kumar\OneDrive\Desktop\SOA-PROJECT\.metadata\.plugins\org.eclipse.swt\EBWebView\Default
2026-09-20 14:50:22.772: [INFO] OnDoneLoading sync enabled: 0
2026-09-20 14:50:22.772: [INFO] BookmarkModelLoaded, ids_reassigned: 0
2026-09-20 14:50:22.772: [INFO] BookmarksLoadDropped droppedNodes=0
2026-09-20 14:50:22.772: [INFO] BookmarksSnapshot Startup total=0 bar=0 other=0 mobile=0 showBar=0 showBarNTP=1
2026-09-20 15:00:27.243: [INFO] BookmarksSnapshot Shutdown total=0 bar=0 other=0 mobile=0 showBar=0 showBarNTP=1
2026-09-22 15:35:22.334: [INFO] CurrentProfilePath: C:\Users\Gireesh Kumar\OneDrive\Desktop\SOA-PROJECT\.metadata\.plugins\org.eclipse.swt\EBWebView\Default
2026-09-22 15:35:22.334: [INFO] Profiles total count: 1
2026-09-22 15:35:22.334: [INFO] Profile: name=Profile 1 path=C:\Users\Gireesh Kumar\OneDrive\Desktop\SOA-PROJECT\.metadata\.plugins\org.eclipse.swt\EBWebView\Default lastActive=null
2026-09-22 15:35:22.334: [INFO] LastUsedProfileDir: C:\Users\Gireesh Kumar\OneDrive\Desktop\SOA-PROJECT\.metadata\.plugins\org.eclipse.swt\EBWebView\Default
2026-09-22 15:35:22.334: [INFO] OnDoneLoading sync enabled: 0
2026-09-22 15:35:22.334: [INFO] BookmarkModelLoaded, ids_reassigned: 0
2026-09-22 15:35:22.334: [INFO] BookmarksLoadDropped droppedNodes=0
2026-09-22 15:35:22.334: [INFO] BookmarksSnapshot Startup total=0 bar=0 other=0 mobile=0 showBar=0 showBarNTP=1
